// Jest Snapshot v1, https://goo.gl/fbAQLP

exports[`<Controller /> should render successfully 1`] = `
<div
  data-css-1ugxpw4=""
>
  <form
    onSubmit={[Function]}
  >
    <input
      data-css-s5k5vn=""
      max="10000"
      min="0"
      onChange={[Function]}
      placeholder="size of numbers"
      type="number"
      value={10}
    />
    <button
      data-css-fs9jv2=""
      id="button"
    >
      Generate Numbers
    </button>
  </form>
  <div>
    <select
      data-css-1i5es5r=""
      id=""
      name="sortOrder"
      onChange={[Function]}
    >
      <option
        value=""
      >
        Sort Order
      </option>
      <option
        value="ASC"
      >
        Ascending
      </option>
      <option
        value="DESC"
      >
        Descending
      </option>
    </select>
  </div>
</div>
`;
